{\rtf1\ansi\ansicpg1252\deff0\deflang1033
{\fonttbl{\f0\froman\fcharset0 Times New Roman;}{\f1\fmodern\fcharset0 Courier New;}}
\viewkind4\uc1
\margl1440\margr1440\margt1440\margb1440
\pard\plain\f0\fs24\sl480\slmult1\par
\pard\plain\f0\fs24\sl480\slmult1\par
\pard\plain\f0\fs24\sl480\slmult1\par
\pard\plain\f0\fs24\sl480\slmult1\par
\pard\plain\f0\fs24\sl480\slmult1\par
\pard\plain\f0\fs24\sl480\slmult1\par
\pard\plain\f0\fs24\sl480\slmult1\par
\pard\plain\f0\fs24\sl480\slmult1\par
\pard\plain\f0\fs24\sl480\slmult1\par
\pard\plain\qc\b\f0\fs24 One\b0\par
\pard\plain\f0\fs24\ql\sl480\slmult1\fi720 A \b bold\b0  & \i fine\i0  \u8212 - line.\par
}