<?xml version="1.0" encoding="UTF-8"?>
<!DOCTYPE html>
<html xmlns="http://www.w3.org/1999/xhtml" xmlns:epub="http://www.idpf.org/2007/ops" lang="en"><head><meta charset="utf-8"/><title>PerfectStar Export</title></head><body>
<h1 id="heading-1">One</h1>
<p>A <strong>bold</strong> &amp; <em>fine</em> — line.</p>
<h2 id="heading-2">Two</h2>
</body></html>
