<?xml version="1.0" encoding="UTF-8"?>
<!DOCTYPE html>
<html xmlns="http://www.w3.org/1999/xhtml" xmlns:epub="http://www.idpf.org/2007/ops" lang="en"><head><meta charset="utf-8"/><title>Contents</title></head><body>
<nav epub:type="toc" id="toc"><h1>Contents</h1><ol>
<li><a href="content.xhtml#heading-1">One</a></li>
<li><a href="content.xhtml#heading-2">Two</a></li>
</ol></nav>
</body></html>
